// Jest Snapshot v1, https://goo.gl/fbAQLP

exports[`Test <Button />:  fontSize should be added 1`] = `
.c0 {
  box-sizing: border-box;
  padding-left: 32px;
  padding-right: 32px;
  max-height: 44px;
  min-height: 44px;
  font-size: 48px;
  border: 0;
  border-radius: 4px;
  border-color: transparent;
  color: #FFFFFF;
  background-color: #2CAACA;
  background-color: #2CAACA;
  -webkit-transition: all 0.3s cubic-bezier(0.53,0.01,0.36,1.63);
  transition: all 0.3s cubic-bezier(0.53,0.01,0.36,1.63);
  display: inline-block;
  -webkit-appearance: none;
  -moz-appearance: none;
  appearance: none;
  -webkit-text-decoration: none;
  text-decoration: none;
  outline: 0;
  text-align: center;
  line-height: inherit;
  white-space: nowrap;
  cursor: pointer;
  text-transform: uppercase;
  overflow: hidden;
}

.c0:hover {
  opacity: 0.9;
  -webkit-transform: scale(1.03);
  -ms-transform: scale(1.03);
  transform: scale(1.03);
}

.c0:active {
  -webkit-transform: scale(1) translate(1px,1px);
  -ms-transform: scale(1) translate(1px,1px);
  transform: scale(1) translate(1px,1px);
}

<button
  class="c0"
  color="white"
  font-size="5"
/>
`;
