// Jest Snapshot v1, https://goo.gl/fbAQLP

exports[`Test <Input />:  css prop should be added 1`] = `
.c0 {
  box-sizing: border-box;
  -webkit-transition: all 0.3s cubic-bezier(0.53,0.01,0.36,1.63);
  transition: all 0.3s cubic-bezier(0.53,0.01,0.36,1.63);
  background-color: black;
}

<textarea
  class="c0"
/>
`;
