// Jest Snapshot v1, https://goo.gl/fbAQLP

exports[`Test <Input />:  css prop should be added 1`] = `
.c0 {
  box-sizing: border-box;
  padding: 16px;
  -webkit-flex: 1 0 auto;
  -ms-flex: 1 0 auto;
  flex: 1 0 auto;
  border: 1px solid;
  border-radius: 4px;
  overflow: visible;
  -webkit-transition: all 0.3s cubic-bezier(0.53,0.01,0.36,1.63);
  transition: all 0.3s cubic-bezier(0.53,0.01,0.36,1.63);
  outline: 0;
  background-color: black;
}

<textarea
  class="c0"
  overflow="visible"
/>
`;
